#factor structure is:
#0;
#0 -> 1;
#0 -> 1;
#1 -> 3;
#1 -> 4;
#1 -> 2;
#3 -> 2;
#4 -> 2;
#0 -> 2;
#partitions are:
#partition 0:
#a_in
#d_in
#a_in -> b_ml;
#d_in -> b_ml;
#a_in -> b_pl;
#d_in -> b_pl;
#b_ml -> e_pl;
#b_pl -> e_pl;
#e_pl -> generic_cf_node_buff_st_4;
#e_pl -> buff_buff_st_1;
#e_pl -> generic_cf_node_buff_st_5;
#partition 1:
#buff_buff_ld_1
#generic_cf_node_buff_ld_4
#buff_buff_ld_1 -> f_pl;
#generic_cf_node_buff_ld_4 -> f_pl;
#f_pl -> merge_merge_stbuff_3;
#f_pl -> split_split_st_2;
#partition 3:
#split_split_ldtrue_2
#split_split_ldtrue_2 -> merge_merge_sttrue_3;
#partition 4:
#split_split_ldfalse_2
#split_split_ldfalse_2 -> merge_merge_stfalse_3;
#partition 2:
#generic_cf_node_buff_ld_5
#merge_merge_ld_3
#merge_merge_ld_3 -> g_pl;
#generic_cf_node_buff_ld_5 -> g_pl;
#g_pl -> h_st;
#factor invisible edges are
#a_in
#d_in
#buff_buff_ld_1
#buff_buff_st_1 -> buff_buff_ld_1;
#generic_cf_node_buff_ld_4
#generic_cf_node_buff_st_4 -> generic_cf_node_buff_ld_4;
#merge_merge_ld_3
#merge_merge_stbuff_3 -> merge_merge_ld_3;
#merge_merge_sttrue_3 -> merge_merge_ld_3;
#merge_merge_stfalse_3 -> merge_merge_ld_3;
#generic_cf_node_buff_ld_5
#generic_cf_node_buff_st_5 -> generic_cf_node_buff_ld_5;
#split_split_ldfalse_2
#split_split_st_2 -> split_split_ldfalse_2;
#split_split_ldtrue_2
#split_split_st_2 -> split_split_ldtrue_2;
digraph G {
edge [color = gray];
a_in
d_in
buff_buff_ld_1
buff_buff_st_1 -> buff_buff_ld_1;
generic_cf_node_buff_ld_4
generic_cf_node_buff_st_4 -> generic_cf_node_buff_ld_4;
merge_merge_ld_3
merge_merge_stbuff_3 -> merge_merge_ld_3;
merge_merge_sttrue_3 -> merge_merge_ld_3;
merge_merge_stfalse_3 -> merge_merge_ld_3;
generic_cf_node_buff_ld_5
generic_cf_node_buff_st_5 -> generic_cf_node_buff_ld_5;
split_split_ldfalse_2
split_split_st_2 -> split_split_ldfalse_2;
split_split_ldtrue_2
split_split_st_2 -> split_split_ldtrue_2;
edge [color = black];
a_in
d_in
a_in -> b_pl;
d_in -> b_pl;
a_in -> b_ml;
d_in -> b_ml;
b_ml -> e_pl;
b_pl -> e_pl;
e_pl -> buff_buff_st_1;
e_pl -> generic_cf_node_buff_st_4;
e_pl -> generic_cf_node_buff_st_5;
buff_buff_ld_1
generic_cf_node_buff_ld_4
buff_buff_ld_1 -> f_pl;
generic_cf_node_buff_ld_4 -> f_pl;
f_pl -> split_split_st_2;
f_pl -> merge_merge_stbuff_3;
merge_merge_ld_3
generic_cf_node_buff_ld_5
merge_merge_ld_3 -> g_pl;
generic_cf_node_buff_ld_5 -> g_pl;
g_pl -> h_st;
split_split_ldfalse_2
split_split_ldfalse_2 -> merge_merge_stfalse_3;
split_split_ldtrue_2
split_split_ldtrue_2 -> merge_merge_sttrue_3;
edge [color = red];
0;
0 -> 1;
0 -> 1;
1 -> 3;
1 -> 4;
1 -> 2;
3 -> 2;
4 -> 2;
0 -> 2;
a_in [color="black"];
d_in [color="black"];
b_pl [color="black"];
b_ml [color="black"];
e_pl [color="black"];
buff_buff_st_1 [color="black"];
generic_cf_node_buff_st_4 [color="black"];
generic_cf_node_buff_st_5 [color="black"];
buff_buff_ld_1 [color="black"];
generic_cf_node_buff_ld_4 [color="black"];
f_pl [color="black"];
split_split_st_2 [color="black"];
merge_merge_stbuff_3 [color="black"];
merge_merge_ld_3 [color="black"];
generic_cf_node_buff_ld_5 [color="black"];
g_pl [color="black"];
h_st [color="black"];
split_split_ldfalse_2 [color="black"];
merge_merge_stfalse_3 [color="black"];
split_split_ldtrue_2 [color="black"];
merge_merge_sttrue_3 [color="black"];
}
